// Jest Snapshot v1, https://goo.gl/fbAQLP

exports[`Pruebas en el componente <GifGrid/> Snapshot del componente 1`] = `
<div>
  <h3>
    One Punch
  </h3>
  <h2>
    Cargando.....
  </h2>
  <div
    class="card-grid"
  />
</div>
`;
